interactions:
- request:
    body: null
    headers:
      Accept: ['*/*']
      Accept-Encoding: ['gzip, deflate']
      Connection: [keep-alive]
      User-Agent: [IGitt]
    method: GET
    uri: https://gitlab.com/api/v4/projects/gitmate-test-user%2Ftest/repository/commits/f6d2b7c66372236a090a2a74df2e47f42a54456b/diff?per_page=100
  response:
    body: {string: '[{"diff":"@@ -1,2 +1,4 @@\n # test\n a test repo\n+\n+a commiit
        that can one acknowledge\n","new_path":"README.md","old_path":"README.md","a_mode":"100644","b_mode":"100644","new_file":false,"renamed_file":false,"deleted_file":false,"too_large":false}]'}
    headers:
      Cache-Control: ['max-age=0, private, must-revalidate']
      Content-Length: ['252']
      Content-Type: [application/json]
      Date: ['Tue, 22 Aug 2017 13:31:54 GMT']
      Etag: [W/"32cf2c2744cda352ee5a6626a1606b3d"]
      Server: [nginx]
      Strict-Transport-Security: [max-age=31536000]
      Vary: [Origin]
      X-Frame-Options: [SAMEORIGIN]
      X-Request-Id: [19571972-2a9a-47b2-a8ae-3eaf7d8d9796]
      X-Runtime: ['0.158066']
    status: {code: 200, message: OK}
- request:
    body: null
    headers:
      Accept: ['*/*']
      Accept-Encoding: ['gzip, deflate']
      Connection: [keep-alive]
      User-Agent: [IGitt]
    method: GET
    uri: https://gitlab.com/api/v4/projects/gitmate-test-user%2Ftest/repository/commits/f6d2b7c66372236a090a2a74df2e47f42a54456b?per_page=100
  response:
    body: {string: '{"id":"f6d2b7c66372236a090a2a74df2e47f42a54456b","short_id":"f6d2b7c6","title":"Update
        README.md","created_at":"2016-01-24T20:46:59.000+01:00","parent_ids":["674498fd415cfadc35c5eb28b8951e800f357c6f"],"message":"Update
        README.md","author_name":"gitmate-test-user","author_email":"hostmaster@gitmate.io","authored_date":"2016-01-24T20:46:59.000+01:00","committer_name":"gitmate-test-user","committer_email":"hostmaster@gitmate.io","committed_date":"2016-01-24T20:46:59.000+01:00","stats":{"additions":2,"deletions":0,"total":2},"status":null}'}
    headers:
      Cache-Control: ['max-age=0, private, must-revalidate']
      Content-Length: ['541']
      Content-Type: [application/json]
      Date: ['Tue, 22 Aug 2017 13:31:59 GMT']
      Etag: [W/"a3e5ec9d02534a24454bd5ec90ecd0b2"]
      Server: [nginx]
      Strict-Transport-Security: [max-age=31536000]
      Vary: [Origin]
      X-Frame-Options: [SAMEORIGIN]
      X-Request-Id: [e0667e37-4f6e-4723-81a8-34cb8db13855]
      X-Runtime: ['0.196979']
    status: {code: 200, message: OK}
- request:
    body: null
    headers:
      Accept: ['*/*']
      Accept-Encoding: ['gzip, deflate']
      Connection: [keep-alive]
      User-Agent: [IGitt]
    method: GET
    uri: https://gitlab.com/api/v4/projects/gitmate-test-user%2Ftest/repository/commits/f6d2b7c66372236a090a2a74df2e47f42a54456b/statuses?per_page=100
  response:
    body: {string: '[]'}
    headers:
      Cache-Control: ['max-age=0, private, must-revalidate']
      Content-Length: ['2']
      Content-Type: [application/json]
      Date: ['Tue, 22 Aug 2017 13:32:03 GMT']
      Etag: [W/"d751713988987e9331980363e24189ce"]
      Link: ['<https://gitlab.com/api/v4/projects/gitmate-test-user%2Ftest/repository/commits/f6d2b7c66372236a090a2a74df2e47f42a54456b/statuses?id=gitmate-test-user%2Ftest&page=1&per_page=100&sha=f6d2b7c66372236a090a2a74df2e47f42a54456b>;
          rel="first", <https://gitlab.com/api/v4/projects/gitmate-test-user%2Ftest/repository/commits/f6d2b7c66372236a090a2a74df2e47f42a54456b/statuses?id=gitmate-test-user%2Ftest&page=1&per_page=100&sha=f6d2b7c66372236a090a2a74df2e47f42a54456b>;
          rel="last"']
      Server: [nginx]
      Strict-Transport-Security: [max-age=31536000]
      Vary: [Origin]
      X-Frame-Options: [SAMEORIGIN]
      X-Next-Page: ['']
      X-Page: ['1']
      X-Per-Page: ['100']
      X-Prev-Page: ['']
      X-Request-Id: [4c36a8fb-1a71-4312-a45d-ae2faec2e310]
      X-Runtime: ['0.238308']
      X-Total: ['0']
      X-Total-Pages: ['1']
    status: {code: 200, message: OK}
- request:
    body: null
    headers:
      Accept: ['*/*']
      Accept-Encoding: ['gzip, deflate']
      Connection: [keep-alive]
      User-Agent: [IGitt]
    method: GET
    uri: https://gitlab.com/api/v4/projects/gitmate-test-user%2Ftest/repository/commits/f6d2b7c66372236a090a2a74df2e47f42a54456b/diff?per_page=100
  response:
    body: {string: '[{"diff":"--- a/README.md\n+++ b/README.md\n@@ -1,2 +1,4 @@\n
        # test\n a test repo\n+\n+a commiit that can one acknowledge\n","new_path":"README.md","old_path":"README.md","a_mode":"100644","b_mode":"100644","new_file":false,"renamed_file":false,"deleted_file":false,"too_large":false}]'}
    headers:
      Cache-Control: ['max-age=0, private, must-revalidate']
      Content-Length: ['286']
      Content-Type: [application/json]
      Date: ['Tue, 22 Aug 2017 13:32:07 GMT']
      Etag: [W/"3913a6aa279f551e3f2f1a6a3ece9334"]
      Server: [nginx]
      Strict-Transport-Security: [max-age=31536000]
      Vary: [Origin]
      X-Frame-Options: [SAMEORIGIN]
      X-Request-Id: [7f6ebb96-e8d3-4710-8435-7e7bbb80aae7]
      X-Runtime: ['0.308296']
    status: {code: 200, message: OK}
- request:
    body: null
    headers:
      Accept: ['*/*']
      Accept-Encoding: ['gzip, deflate']
      Connection: [keep-alive]
      User-Agent: [IGitt]
    method: GET
    uri: https://gitlab.com/api/v4/projects/gitmate-test-user%2Ftest/repository/commits/9ba5b704f5866e468ec2e639fa893ae4c129f2ad/diff?per_page=100
  response:
    body: {string: '[{"diff":"@@ -0,0 +1 @@\n+testing issue relativity to merge requests\n\\
        No newline at end of file\n","new_path":"issue-pr.txt","old_path":"issue-pr.txt","a_mode":"0","b_mode":"100644","new_file":true,"renamed_file":false,"deleted_file":false,"too_large":false}]'}
    headers:
      Cache-Control: ['max-age=0, private, must-revalidate']
      Content-Length: ['262']
      Content-Type: [application/json]
      Date: ['Tue, 22 Aug 2017 13:32:10 GMT']
      Etag: [W/"4c4006e3c570c80aa854fa7a7738bbb2"]
      Server: [nginx]
      Strict-Transport-Security: [max-age=31536000]
      Vary: [Origin]
      X-Frame-Options: [SAMEORIGIN]
      X-Request-Id: [a34025dc-6bb7-4d8b-ac4f-6708eecafea2]
      X-Runtime: ['0.176566']
    status: {code: 200, message: OK}
- request:
    body: null
    headers:
      Accept: ['*/*']
      Accept-Encoding: ['gzip, deflate']
      Connection: [keep-alive]
      User-Agent: [IGitt]
    method: GET
    uri: https://gitlab.com/api/v4/projects/gitmate-test-user%2Ftest/repository/commits/9ba5b704f5866e468ec2e639fa893ae4c129f2ad?per_page=100
  response:
    body: {string: '{"id":"9ba5b704f5866e468ec2e639fa893ae4c129f2ad","short_id":"9ba5b704","title":"Create
        a.txt","created_at":"2017-07-28T19:59:43.000+00:00","parent_ids":["515280bfe8488e1b403e0dd95c41a404355ca184"],"message":"Create
        a.txt\n\nAwesome commit message\n\nFix #21, Fixes #22 and Closes gitmate-test-user/test#23.\nThis
        commit is also related to #31 and fixes #26, #27\nand https://gitlab.com/gitmate-test-user/test/issues/30.","author_name":"Naveen
        Kumar Sangi","author_email":"nkprince007@gmail.com","authored_date":"2017-07-28T19:59:43.000+00:00","committer_name":"Naveen
        Kumar Sangi","committer_email":"nkprince007@gmail.com","committed_date":"2017-07-28T19:59:43.000+00:00","stats":{"additions":1,"deletions":0,"total":1},"status":null}'}
    headers:
      Cache-Control: ['max-age=0, private, must-revalidate']
      Content-Length: ['734']
      Content-Type: [application/json]
      Date: ['Tue, 22 Aug 2017 13:32:12 GMT']
      Etag: [W/"c8ce9b37a99d69f43699b2f78620dd7a"]
      Server: [nginx]
      Strict-Transport-Security: [max-age=31536000]
      Vary: [Origin]
      X-Frame-Options: [SAMEORIGIN]
      X-Request-Id: [2a5ea1a4-ef12-443e-ab7a-b14ab1216ace]
      X-Runtime: ['0.185784']
    status: {code: 200, message: OK}
- request:
    body: null
    headers:
      Accept: ['*/*']
      Accept-Encoding: ['gzip, deflate']
      Connection: [keep-alive]
      User-Agent: [IGitt]
    method: GET
    uri: https://gitlab.com/api/v4/projects/gitmate-test-user%2Ftest/repository/commits/9ba5b704f5866e468ec2e639fa893ae4c129f2ad/statuses?per_page=100
  response:
    body: {string: '[]'}
    headers:
      Cache-Control: ['max-age=0, private, must-revalidate']
      Content-Length: ['2']
      Content-Type: [application/json]
      Date: ['Tue, 22 Aug 2017 13:32:16 GMT']
      Etag: [W/"d751713988987e9331980363e24189ce"]
      Link: ['<https://gitlab.com/api/v4/projects/gitmate-test-user%2Ftest/repository/commits/9ba5b704f5866e468ec2e639fa893ae4c129f2ad/statuses?id=gitmate-test-user%2Ftest&page=1&per_page=100&sha=9ba5b704f5866e468ec2e639fa893ae4c129f2ad>;
          rel="first", <https://gitlab.com/api/v4/projects/gitmate-test-user%2Ftest/repository/commits/9ba5b704f5866e468ec2e639fa893ae4c129f2ad/statuses?id=gitmate-test-user%2Ftest&page=1&per_page=100&sha=9ba5b704f5866e468ec2e639fa893ae4c129f2ad>;
          rel="last"']
      Server: [nginx]
      Strict-Transport-Security: [max-age=31536000]
      Vary: [Origin]
      X-Frame-Options: [SAMEORIGIN]
      X-Next-Page: ['']
      X-Page: ['1']
      X-Per-Page: ['100']
      X-Prev-Page: ['']
      X-Request-Id: [3f71a303-52e7-4b2c-b839-bcb9b91b6c29]
      X-Runtime: ['0.094161']
      X-Total: ['0']
      X-Total-Pages: ['1']
    status: {code: 200, message: OK}
- request:
    body: null
    headers:
      Accept: ['*/*']
      Accept-Encoding: ['gzip, deflate']
      Connection: [keep-alive]
      User-Agent: [IGitt]
    method: GET
    uri: https://gitlab.com/api/v4/projects/gitmate-test-user%2Ftest?per_page=100
  response:
    body: {string: '{"id":3439658,"description":"","default_branch":"master","tag_list":[],"ssh_url_to_repo":"git@gitlab.com:gitmate-test-user/test.git","http_url_to_repo":"https://gitlab.com/gitmate-test-user/test.git","web_url":"https://gitlab.com/gitmate-test-user/test","name":"test","name_with_namespace":"GitMate
        / test","path":"test","path_with_namespace":"gitmate-test-user/test","avatar_url":null,"star_count":0,"forks_count":2,"created_at":"2017-06-05T04:56:19.418Z","last_activity_at":"2017-09-30T12:14:49.016Z","_links":{"self":"http://gitlab.com/api/v4/projects/3439658","issues":"http://gitlab.com/api/v4/projects/3439658/issues","merge_requests":"http://gitlab.com/api/v4/projects/3439658/merge_requests","repo_branches":"http://gitlab.com/api/v4/projects/3439658/repository/branches","labels":"http://gitlab.com/api/v4/projects/3439658/labels","events":"http://gitlab.com/api/v4/projects/3439658/events","members":"http://gitlab.com/api/v4/projects/3439658/members"},"archived":false,"visibility":"public","owner":{"id":1369631,"name":"GitMate","username":"gitmate-test-user","state":"active","avatar_url":"https://secure.gravatar.com/avatar/27e08ed25afa8578cb3a346964f0de32?s=80&d=identicon","web_url":"https://gitlab.com/gitmate-test-user"},"resolve_outdated_diff_discussions":null,"container_registry_enabled":true,"issues_enabled":true,"merge_requests_enabled":true,"wiki_enabled":true,"jobs_enabled":true,"snippets_enabled":true,"shared_runners_enabled":true,"lfs_enabled":true,"creator_id":1369631,"namespace":{"id":1652018,"name":"gitmate-test-user","path":"gitmate-test-user","kind":"user","full_path":"gitmate-test-user","parent_id":null,"plan":"early_adopter"},"import_status":"failed","import_error":"Mirror
        update for gitmate-test-user/test failed with the following message: The default
        branch (master) has diverged from its upstream counterpart and could not be
        updated automatically.","open_issues_count":14,"runners_token":"mJspL93WBs-yfGkkvpos","public_jobs":true,"ci_config_path":null,"shared_with_groups":[],"only_allow_merge_if_pipeline_succeeds":false,"request_access_enabled":false,"only_allow_merge_if_all_discussions_are_resolved":false,"printing_merge_request_link_enabled":true,"approvals_before_merge":0,"permissions":{"project_access":{"access_level":40,"notification_level":3},"group_access":null}}'}
    headers:
      Cache-Control: ['max-age=0, private, must-revalidate']
      Content-Length: ['2323']
      Content-Type: [application/json]
      Date: ['Mon, 23 Oct 2017 09:33:23 GMT']
      Etag: [W/"8832c44e4e0a5a6096081053dbf11268"]
      RateLimit-Limit: ['600']
      RateLimit-Observed: ['3']
      RateLimit-Remaining: ['597']
      Server: [nginx]
      Strict-Transport-Security: [max-age=31536000]
      Vary: [Origin]
      X-Frame-Options: [SAMEORIGIN]
      X-Request-Id: [f57f42ac-8460-4ca2-beb7-44cde6ce0364]
      X-Runtime: ['0.249790']
    status: {code: 200, message: OK}
- request:
    body: null
    headers:
      Accept: ['*/*']
      Accept-Encoding: ['gzip, deflate']
      Connection: [keep-alive]
      User-Agent: [IGitt]
    method: GET
    uri: https://gitlab.com/api/v4/projects/gitmate-test-user%2Ftest?per_page=100
  response:
    body: {string: '{"id":3439658,"description":"","default_branch":"master","tag_list":[],"ssh_url_to_repo":"git@gitlab.com:gitmate-test-user/test.git","http_url_to_repo":"https://gitlab.com/gitmate-test-user/test.git","web_url":"https://gitlab.com/gitmate-test-user/test","name":"test","name_with_namespace":"GitMate
        / test","path":"test","path_with_namespace":"gitmate-test-user/test","avatar_url":null,"star_count":0,"forks_count":2,"created_at":"2017-06-05T04:56:19.418Z","last_activity_at":"2017-09-30T12:14:49.016Z","_links":{"self":"http://gitlab.com/api/v4/projects/3439658","issues":"http://gitlab.com/api/v4/projects/3439658/issues","merge_requests":"http://gitlab.com/api/v4/projects/3439658/merge_requests","repo_branches":"http://gitlab.com/api/v4/projects/3439658/repository/branches","labels":"http://gitlab.com/api/v4/projects/3439658/labels","events":"http://gitlab.com/api/v4/projects/3439658/events","members":"http://gitlab.com/api/v4/projects/3439658/members"},"archived":false,"visibility":"public","owner":{"id":1369631,"name":"GitMate","username":"gitmate-test-user","state":"active","avatar_url":"https://secure.gravatar.com/avatar/27e08ed25afa8578cb3a346964f0de32?s=80&d=identicon","web_url":"https://gitlab.com/gitmate-test-user"},"resolve_outdated_diff_discussions":null,"container_registry_enabled":true,"issues_enabled":true,"merge_requests_enabled":true,"wiki_enabled":true,"jobs_enabled":true,"snippets_enabled":true,"shared_runners_enabled":true,"lfs_enabled":true,"creator_id":1369631,"namespace":{"id":1652018,"name":"gitmate-test-user","path":"gitmate-test-user","kind":"user","full_path":"gitmate-test-user","parent_id":null,"plan":"early_adopter"},"import_status":"failed","import_error":"Mirror
        update for gitmate-test-user/test failed with the following message: The default
        branch (master) has diverged from its upstream counterpart and could not be
        updated automatically.","open_issues_count":14,"runners_token":"mJspL93WBs-yfGkkvpos","public_jobs":true,"ci_config_path":null,"shared_with_groups":[],"only_allow_merge_if_pipeline_succeeds":false,"request_access_enabled":false,"only_allow_merge_if_all_discussions_are_resolved":false,"printing_merge_request_link_enabled":true,"approvals_before_merge":0,"permissions":{"project_access":{"access_level":40,"notification_level":3},"group_access":null}}'}
    headers:
      Cache-Control: ['max-age=0, private, must-revalidate']
      Content-Length: ['2323']
      Content-Type: [application/json]
      Date: ['Mon, 23 Oct 2017 09:33:25 GMT']
      Etag: [W/"8832c44e4e0a5a6096081053dbf11268"]
      RateLimit-Limit: ['600']
      RateLimit-Observed: ['4']
      RateLimit-Remaining: ['596']
      Server: [nginx]
      Strict-Transport-Security: [max-age=31536000]
      Vary: [Origin]
      X-Frame-Options: [SAMEORIGIN]
      X-Request-Id: [cb7f116c-1ce6-4ead-bbc0-4a6ea6d063bb]
      X-Runtime: ['0.259552']
    status: {code: 200, message: OK}
- request:
    body: null
    headers:
      Accept: ['*/*']
      Accept-Encoding: ['gzip, deflate']
      Connection: [keep-alive]
      User-Agent: [IGitt]
    method: GET
    uri: https://gitlab.com/api/v4/projects/gitmate-test-user%2Ftest?per_page=100
  response:
    body: {string: '{"id":3439658,"description":"","default_branch":"master","tag_list":[],"ssh_url_to_repo":"git@gitlab.com:gitmate-test-user/test.git","http_url_to_repo":"https://gitlab.com/gitmate-test-user/test.git","web_url":"https://gitlab.com/gitmate-test-user/test","name":"test","name_with_namespace":"GitMate
        / test","path":"test","path_with_namespace":"gitmate-test-user/test","avatar_url":null,"star_count":0,"forks_count":2,"created_at":"2017-06-05T04:56:19.418Z","last_activity_at":"2017-09-30T12:14:49.016Z","_links":{"self":"http://gitlab.com/api/v4/projects/3439658","issues":"http://gitlab.com/api/v4/projects/3439658/issues","merge_requests":"http://gitlab.com/api/v4/projects/3439658/merge_requests","repo_branches":"http://gitlab.com/api/v4/projects/3439658/repository/branches","labels":"http://gitlab.com/api/v4/projects/3439658/labels","events":"http://gitlab.com/api/v4/projects/3439658/events","members":"http://gitlab.com/api/v4/projects/3439658/members"},"archived":false,"visibility":"public","owner":{"id":1369631,"name":"GitMate","username":"gitmate-test-user","state":"active","avatar_url":"https://secure.gravatar.com/avatar/27e08ed25afa8578cb3a346964f0de32?s=80&d=identicon","web_url":"https://gitlab.com/gitmate-test-user"},"resolve_outdated_diff_discussions":null,"container_registry_enabled":true,"issues_enabled":true,"merge_requests_enabled":true,"wiki_enabled":true,"jobs_enabled":true,"snippets_enabled":true,"shared_runners_enabled":true,"lfs_enabled":true,"creator_id":1369631,"namespace":{"id":1652018,"name":"gitmate-test-user","path":"gitmate-test-user","kind":"user","full_path":"gitmate-test-user","parent_id":null,"plan":"early_adopter"},"import_status":"failed","import_error":"Mirror
        update for gitmate-test-user/test failed with the following message: The default
        branch (master) has diverged from its upstream counterpart and could not be
        updated automatically.","open_issues_count":14,"runners_token":"mJspL93WBs-yfGkkvpos","public_jobs":true,"ci_config_path":null,"shared_with_groups":[],"only_allow_merge_if_pipeline_succeeds":false,"request_access_enabled":false,"only_allow_merge_if_all_discussions_are_resolved":false,"printing_merge_request_link_enabled":true,"approvals_before_merge":0,"permissions":{"project_access":{"access_level":40,"notification_level":3},"group_access":null}}'}
    headers:
      Cache-Control: ['max-age=0, private, must-revalidate']
      Content-Length: ['2323']
      Content-Type: [application/json]
      Date: ['Mon, 23 Oct 2017 09:42:02 GMT']
      Etag: [W/"8832c44e4e0a5a6096081053dbf11268"]
      RateLimit-Limit: ['600']
      RateLimit-Observed: ['3']
      RateLimit-Remaining: ['597']
      Server: [nginx]
      Strict-Transport-Security: [max-age=31536000]
      Vary: [Origin]
      X-Frame-Options: [SAMEORIGIN]
      X-Request-Id: [77c1aff2-e9c8-4085-bb82-94b4fb47d66f]
      X-Runtime: ['0.275063']
    status: {code: 200, message: OK}
version: 1
