interactions:
- request:
    body: null
    headers:
      Accept: ['*/*']
      Accept-Encoding: ['gzip, deflate']
      Connection: [keep-alive]
      User-Agent: [IGitt]
    method: GET
    uri: https://gitlab.com/api/v4/projects/gitmate-test-user%2Ftest?per_page=100
  response:
    body: {string: '{"id":3439658,"description":"","default_branch":"master","tag_list":[],"ssh_url_to_repo":"git@gitlab.com:gitmate-test-user/test.git","http_url_to_repo":"https://gitlab.com/gitmate-test-user/test.git","web_url":"https://gitlab.com/gitmate-test-user/test","name":"test","name_with_namespace":"GitMate
        / test","path":"test","path_with_namespace":"gitmate-test-user/test","avatar_url":null,"star_count":0,"forks_count":2,"created_at":"2017-06-05T04:56:19.418Z","last_activity_at":"2017-12-10T21:58:08.858Z","_links":{"self":"http://gitlab.com/api/v4/projects/3439658","issues":"http://gitlab.com/api/v4/projects/3439658/issues","merge_requests":"http://gitlab.com/api/v4/projects/3439658/merge_requests","repo_branches":"http://gitlab.com/api/v4/projects/3439658/repository/branches","labels":"http://gitlab.com/api/v4/projects/3439658/labels","events":"http://gitlab.com/api/v4/projects/3439658/events","members":"http://gitlab.com/api/v4/projects/3439658/members"},"archived":false,"visibility":"public","owner":{"id":1369631,"name":"GitMate","username":"gitmate-test-user","state":"active","avatar_url":"https://secure.gravatar.com/avatar/27e08ed25afa8578cb3a346964f0de32?s=80&d=identicon","web_url":"https://gitlab.com/gitmate-test-user"},"resolve_outdated_diff_discussions":null,"container_registry_enabled":true,"issues_enabled":true,"merge_requests_enabled":true,"wiki_enabled":true,"jobs_enabled":true,"snippets_enabled":true,"shared_runners_enabled":true,"lfs_enabled":true,"creator_id":1369631,"namespace":{"id":1652018,"name":"gitmate-test-user","path":"gitmate-test-user","kind":"user","full_path":"gitmate-test-user","parent_id":null,"plan":"early_adopter"},"import_status":"failed","import_error":"Mirror
        update for gitmate-test-user/test failed with the following message: The default
        branch (master) has diverged from its upstream counterpart and could not be
        updated automatically.","open_issues_count":14,"runners_token":"mJspL93WBs-yfGkkvpos","public_jobs":true,"ci_config_path":null,"shared_with_groups":[],"only_allow_merge_if_pipeline_succeeds":false,"request_access_enabled":false,"only_allow_merge_if_all_discussions_are_resolved":false,"printing_merge_request_link_enabled":true,"approvals_before_merge":0,"permissions":{"project_access":{"access_level":40,"notification_level":3},"group_access":null}}'}
    headers:
      Cache-Control: ['max-age=0, private, must-revalidate']
      Content-Length: ['2323']
      Content-Type: [application/json]
      Date: ['Tue, 19 Dec 2017 11:24:59 GMT']
      Etag: [W/"7f4eb007ed26a39210de14001e1bdaca"]
      RateLimit-Limit: ['600']
      RateLimit-Observed: ['1']
      RateLimit-Remaining: ['599']
      RateLimit-Reset: ['1513682759']
      RateLimit-ResetTime: ['Wed, 19 Dec 2017 11:25:59 GMT']
      Server: [nginx]
      Strict-Transport-Security: [max-age=31536000]
      Vary: [Origin]
      X-Content-Type-Options: [nosniff]
      X-Frame-Options: [SAMEORIGIN]
      X-Request-Id: [8d291939-bae4-47a4-878f-07846704a418]
      X-Runtime: ['0.188374']
    status: {code: 200, message: OK}
- request:
    body: null
    headers:
      Accept: ['*/*']
      Accept-Encoding: ['gzip, deflate']
      Connection: [keep-alive]
      User-Agent: [IGitt]
    method: GET
    uri: https://gitlab.com/api/v4/projects/gitmate-test-user%2Ftest/merge_requests/25?per_page=100
  response:
    body: {string: '{"id":4445169,"iid":25,"project_id":3439658,"title":"Create a.txt","description":"Awesome
        commit message\n\nFix #21, Fixes #22 and Closes gitmate-test-user/test#23.\nThis
        commit is also related to #31 and fixes #26, #27\nand https://gitlab.com/gitmate-test-user/test/issues/30.","state":"opened","created_at":"2017-07-28T20:00:27.022Z","updated_at":"2017-08-14T22:07:19.034Z","target_branch":"master","source_branch":"test-issue-pr-relate","upvotes":0,"downvotes":0,"author":{"id":889700,"name":"Naveen
        Kumar Sangi","username":"nkprince007","state":"active","avatar_url":"https://secure.gravatar.com/avatar/2ed27920a4ec4445d0e390a30df7145d?s=80&d=identicon","web_url":"https://gitlab.com/nkprince007"},"assignee":null,"source_project_id":3439658,"target_project_id":3439658,"labels":[],"work_in_progress":false,"milestone":null,"merge_when_pipeline_succeeds":false,"merge_status":"can_be_merged","sha":"9ba5b704f5866e468ec2e639fa893ae4c129f2ad","merge_commit_sha":null,"user_notes_count":0,"approvals_before_merge":null,"discussion_locked":null,"should_remove_source_branch":null,"force_remove_source_branch":false,"squash":false,"web_url":"https://gitlab.com/gitmate-test-user/test/merge_requests/25","time_stats":{"time_estimate":0,"total_time_spent":0,"human_time_estimate":null,"human_total_time_spent":null},"subscribed":false,"changes_count":"1"}'}
    headers:
      Cache-Control: ['max-age=0, private, must-revalidate']
      Content-Length: ['1352']
      Content-Type: [application/json]
      Date: ['Tue, 19 Dec 2017 11:25:05 GMT']
      Etag: [W/"3b9c96908a10ddb894c9c2526e6cfe9e"]
      RateLimit-Limit: ['600']
      RateLimit-Observed: ['2']
      RateLimit-Remaining: ['598']
      RateLimit-Reset: ['1513682765']
      RateLimit-ResetTime: ['Wed, 19 Dec 2017 11:26:05 GMT']
      Server: [nginx]
      Strict-Transport-Security: [max-age=31536000]
      Vary: [Origin]
      X-Content-Type-Options: [nosniff]
      X-Frame-Options: [SAMEORIGIN]
      X-Request-Id: [b58e1750-83dd-439c-9be9-432bd9274e02]
      X-Runtime: ['1.499071']
    status: {code: 200, message: OK}
- request:
    body: null
    headers:
      Accept: ['*/*']
      Accept-Encoding: ['gzip, deflate']
      Connection: [keep-alive]
      User-Agent: [IGitt]
    method: GET
    uri: https://gitlab.com/api/v4/projects/gitmate-test-user%2Ftest/merge_requests/25?per_page=100
  response:
    body: {string: '{"id":4445169,"iid":25,"project_id":3439658,"title":"Create a.txt","description":"Awesome
        commit message\n\nFix #21, Fixes #22 and Closes gitmate-test-user/test#23.\nThis
        commit is also related to #31 and fixes #26, #27\nand https://gitlab.com/gitmate-test-user/test/issues/30.","state":"opened","created_at":"2017-07-28T20:00:27.022Z","updated_at":"2017-08-14T22:07:19.034Z","target_branch":"master","source_branch":"test-issue-pr-relate","upvotes":0,"downvotes":0,"author":{"id":889700,"name":"Naveen
        Kumar Sangi","username":"nkprince007","state":"active","avatar_url":"https://secure.gravatar.com/avatar/2ed27920a4ec4445d0e390a30df7145d?s=80&d=identicon","web_url":"https://gitlab.com/nkprince007"},"assignee":null,"source_project_id":3439658,"target_project_id":3439658,"labels":[],"work_in_progress":false,"milestone":null,"merge_when_pipeline_succeeds":false,"merge_status":"can_be_merged","sha":"9ba5b704f5866e468ec2e639fa893ae4c129f2ad","merge_commit_sha":null,"user_notes_count":0,"approvals_before_merge":null,"discussion_locked":null,"should_remove_source_branch":null,"force_remove_source_branch":false,"squash":false,"web_url":"https://gitlab.com/gitmate-test-user/test/merge_requests/25","time_stats":{"time_estimate":0,"total_time_spent":0,"human_time_estimate":null,"human_total_time_spent":null},"subscribed":false,"changes_count":"1"}'}
    headers:
      Cache-Control: ['max-age=0, private, must-revalidate']
      Content-Length: ['1352']
      Content-Type: [application/json]
      Date: ['Tue, 19 Dec 2017 11:25:12 GMT']
      Etag: [W/"3b9c96908a10ddb894c9c2526e6cfe9e"]
      RateLimit-Limit: ['600']
      RateLimit-Observed: ['3']
      RateLimit-Remaining: ['597']
      RateLimit-Reset: ['1513682772']
      RateLimit-ResetTime: ['Wed, 19 Dec 2017 11:26:12 GMT']
      Server: [nginx]
      Strict-Transport-Security: [max-age=31536000]
      Vary: [Origin]
      X-Content-Type-Options: [nosniff]
      X-Frame-Options: [SAMEORIGIN]
      X-Request-Id: [68812404-a095-449d-a147-39dfbf14650d]
      X-Runtime: ['0.218435']
    status: {code: 200, message: OK}
- request:
    body: null
    headers:
      Accept: ['*/*']
      Accept-Encoding: ['gzip, deflate']
      Connection: [keep-alive]
      User-Agent: [IGitt]
    method: GET
    uri: https://gitlab.com/api/v4/projects/gitmate-test-user%2Ftest?per_page=100
  response:
    body: {string: '{"id":3439658,"description":"","name":"test","name_with_namespace":"GitMate
        / test","path":"test","path_with_namespace":"gitmate-test-user/test","created_at":"2017-06-05T04:56:19.418Z","default_branch":"master","tag_list":[],"ssh_url_to_repo":"git@gitlab.com:gitmate-test-user/test.git","http_url_to_repo":"https://gitlab.com/gitmate-test-user/test.git","web_url":"https://gitlab.com/gitmate-test-user/test","avatar_url":null,"star_count":0,"forks_count":2,"last_activity_at":"2017-12-10T21:58:08.858Z","_links":{"self":"http://gitlab.com/api/v4/projects/3439658","issues":"http://gitlab.com/api/v4/projects/3439658/issues","merge_requests":"http://gitlab.com/api/v4/projects/3439658/merge_requests","repo_branches":"http://gitlab.com/api/v4/projects/3439658/repository/branches","labels":"http://gitlab.com/api/v4/projects/3439658/labels","events":"http://gitlab.com/api/v4/projects/3439658/events","members":"http://gitlab.com/api/v4/projects/3439658/members"},"archived":false,"visibility":"public","owner":{"id":1369631,"name":"GitMate","username":"gitmate-test-user","state":"active","avatar_url":"https://secure.gravatar.com/avatar/27e08ed25afa8578cb3a346964f0de32?s=80&d=identicon","web_url":"https://gitlab.com/gitmate-test-user"},"resolve_outdated_diff_discussions":null,"container_registry_enabled":true,"issues_enabled":true,"merge_requests_enabled":true,"wiki_enabled":true,"jobs_enabled":true,"snippets_enabled":true,"shared_runners_enabled":true,"lfs_enabled":true,"creator_id":1369631,"namespace":{"id":1652018,"name":"gitmate-test-user","path":"gitmate-test-user","kind":"user","full_path":"gitmate-test-user","parent_id":null},"import_status":"failed","import_error":"Mirror
        update for gitmate-test-user/test failed with the following message: The default
        branch (master) has diverged from its upstream counterpart and could not be
        updated automatically.","open_issues_count":14,"runners_token":"mJspL93WBs-yfGkkvpos","public_jobs":true,"ci_config_path":null,"shared_with_groups":[],"only_allow_merge_if_pipeline_succeeds":false,"request_access_enabled":false,"only_allow_merge_if_all_discussions_are_resolved":false,"printing_merge_request_link_enabled":true,"approvals_before_merge":0,"permissions":{"project_access":{"access_level":40,"notification_level":3},"group_access":null}}'}
    headers:
      Cache-Control: ['max-age=0, private, must-revalidate']
      Content-Length: ['2300']
      Content-Type: [application/json]
      Date: ['Tue, 19 Dec 2017 11:47:31 GMT']
      Etag: [W/"c468c7abd5b5b223694d74c70a65dc8f"]
      RateLimit-Limit: ['600']
      RateLimit-Observed: ['1']
      RateLimit-Remaining: ['599']
      RateLimit-Reset: ['1513684111']
      RateLimit-ResetTime: ['Wed, 19 Dec 2017 11:48:31 GMT']
      Server: [nginx]
      Strict-Transport-Security: [max-age=31536000]
      Vary: [Origin]
      X-Content-Type-Options: [nosniff]
      X-Frame-Options: [SAMEORIGIN]
      X-Request-Id: [28525f80-a3c1-44f1-b98b-45c692ca2f4a]
      X-Runtime: ['0.275452']
    status: {code: 200, message: OK}
- request:
    body: null
    headers:
      Accept: ['*/*']
      Accept-Encoding: ['gzip, deflate']
      Connection: [keep-alive]
      User-Agent: [IGitt]
    method: GET
    uri: https://gitlab.com/api/v4/projects/3439658?per_page=100
  response:
    body: {string: '{"id":3439658,"description":"","name":"test","name_with_namespace":"GitMate
        / test","path":"test","path_with_namespace":"gitmate-test-user/test","created_at":"2017-06-05T04:56:19.418Z","default_branch":"master","tag_list":[],"ssh_url_to_repo":"git@gitlab.com:gitmate-test-user/test.git","http_url_to_repo":"https://gitlab.com/gitmate-test-user/test.git","web_url":"https://gitlab.com/gitmate-test-user/test","avatar_url":null,"star_count":0,"forks_count":2,"last_activity_at":"2017-12-10T21:58:08.858Z","_links":{"self":"http://gitlab.com/api/v4/projects/3439658","issues":"http://gitlab.com/api/v4/projects/3439658/issues","merge_requests":"http://gitlab.com/api/v4/projects/3439658/merge_requests","repo_branches":"http://gitlab.com/api/v4/projects/3439658/repository/branches","labels":"http://gitlab.com/api/v4/projects/3439658/labels","events":"http://gitlab.com/api/v4/projects/3439658/events","members":"http://gitlab.com/api/v4/projects/3439658/members"},"archived":false,"visibility":"public","owner":{"id":1369631,"name":"GitMate","username":"gitmate-test-user","state":"active","avatar_url":"https://secure.gravatar.com/avatar/27e08ed25afa8578cb3a346964f0de32?s=80&d=identicon","web_url":"https://gitlab.com/gitmate-test-user"},"resolve_outdated_diff_discussions":null,"container_registry_enabled":true,"issues_enabled":true,"merge_requests_enabled":true,"wiki_enabled":true,"jobs_enabled":true,"snippets_enabled":true,"shared_runners_enabled":true,"lfs_enabled":true,"creator_id":1369631,"namespace":{"id":1652018,"name":"gitmate-test-user","path":"gitmate-test-user","kind":"user","full_path":"gitmate-test-user","parent_id":null},"import_status":"failed","import_error":"Mirror
        update for gitmate-test-user/test failed with the following message: The default
        branch (master) has diverged from its upstream counterpart and could not be
        updated automatically.","open_issues_count":14,"runners_token":"mJspL93WBs-yfGkkvpos","public_jobs":true,"ci_config_path":null,"shared_with_groups":[],"only_allow_merge_if_pipeline_succeeds":false,"request_access_enabled":false,"only_allow_merge_if_all_discussions_are_resolved":false,"printing_merge_request_link_enabled":true,"approvals_before_merge":0,"permissions":{"project_access":{"access_level":40,"notification_level":3},"group_access":null}}'}
    headers:
      Cache-Control: ['max-age=0, private, must-revalidate']
      Content-Length: ['2300']
      Content-Type: [application/json]
      Date: ['Tue, 19 Dec 2017 11:47:36 GMT']
      Etag: [W/"c468c7abd5b5b223694d74c70a65dc8f"]
      RateLimit-Limit: ['600']
      RateLimit-Observed: ['2']
      RateLimit-Remaining: ['598']
      RateLimit-Reset: ['1513684116']
      RateLimit-ResetTime: ['Wed, 19 Dec 2017 11:48:36 GMT']
      Server: [nginx]
      Strict-Transport-Security: [max-age=31536000]
      Vary: [Origin]
      X-Content-Type-Options: [nosniff]
      X-Frame-Options: [SAMEORIGIN]
      X-Request-Id: [33f13860-d973-4e40-8d7d-650ef685b8c2]
      X-Runtime: ['0.226189']
    status: {code: 200, message: OK}
- request:
    body: null
    headers:
      Accept: ['*/*']
      Accept-Encoding: ['gzip, deflate']
      Connection: [keep-alive]
      User-Agent: [IGitt]
    method: GET
    uri: https://gitlab.com/api/v4/projects/gitmate-test-user%2Ftest/merge_requests/25?per_page=100
  response:
    body: {string: '{"id":4445169,"iid":25,"project_id":3439658,"title":"Create a.txt","description":"Awesome
        commit message\n\nFix #21, Fixes #22 and Closes gitmate-test-user/test#23.\nThis
        commit is also related to #31 and fixes #26, #27\nand https://gitlab.com/gitmate-test-user/test/issues/30.","state":"opened","created_at":"2017-07-28T20:00:27.022Z","updated_at":"2017-08-14T22:07:19.034Z","target_branch":"master","source_branch":"test-issue-pr-relate","upvotes":0,"downvotes":0,"author":{"id":889700,"name":"Naveen
        Kumar Sangi","username":"nkprince007","state":"active","avatar_url":"https://secure.gravatar.com/avatar/2ed27920a4ec4445d0e390a30df7145d?s=80&d=identicon","web_url":"https://gitlab.com/nkprince007"},"assignee":null,"source_project_id":3439658,"target_project_id":3439658,"labels":[],"work_in_progress":false,"milestone":null,"merge_when_pipeline_succeeds":false,"merge_status":"can_be_merged","sha":"9ba5b704f5866e468ec2e639fa893ae4c129f2ad","merge_commit_sha":null,"user_notes_count":0,"approvals_before_merge":null,"discussion_locked":null,"should_remove_source_branch":null,"force_remove_source_branch":false,"squash":false,"web_url":"https://gitlab.com/gitmate-test-user/test/merge_requests/25","time_stats":{"time_estimate":0,"total_time_spent":0,"human_time_estimate":null,"human_total_time_spent":null},"subscribed":false,"changes_count":"1"}'}
    headers:
      Cache-Control: ['max-age=0, private, must-revalidate']
      Content-Length: ['1352']
      Content-Type: [application/json]
      Date: ['Tue, 19 Dec 2017 11:47:42 GMT']
      Etag: [W/"3b9c96908a10ddb894c9c2526e6cfe9e"]
      RateLimit-Limit: ['600']
      RateLimit-Observed: ['3']
      RateLimit-Remaining: ['597']
      RateLimit-Reset: ['1513684122']
      RateLimit-ResetTime: ['Wed, 19 Dec 2017 11:48:42 GMT']
      Server: [nginx]
      Strict-Transport-Security: [max-age=31536000]
      Vary: [Origin]
      X-Content-Type-Options: [nosniff]
      X-Frame-Options: [SAMEORIGIN]
      X-Request-Id: [167bb8a8-d131-45ce-8f40-09c492663ccc]
      X-Runtime: ['0.269080']
    status: {code: 200, message: OK}
- request:
    body: null
    headers:
      Accept: ['*/*']
      Accept-Encoding: ['gzip, deflate']
      Connection: [keep-alive]
      User-Agent: [IGitt]
    method: GET
    uri: https://gitlab.com/api/v4/projects/gitmate-test-user%2Ftest?per_page=100
  response:
    body: {string: '{"id":3439658,"description":"","name":"test","name_with_namespace":"GitMate
        / test","path":"test","path_with_namespace":"gitmate-test-user/test","created_at":"2017-06-05T04:56:19.418Z","default_branch":"master","tag_list":[],"ssh_url_to_repo":"git@gitlab.com:gitmate-test-user/test.git","http_url_to_repo":"https://gitlab.com/gitmate-test-user/test.git","web_url":"https://gitlab.com/gitmate-test-user/test","avatar_url":null,"star_count":0,"forks_count":2,"last_activity_at":"2017-12-10T21:58:08.858Z","_links":{"self":"http://gitlab.com/api/v4/projects/3439658","issues":"http://gitlab.com/api/v4/projects/3439658/issues","merge_requests":"http://gitlab.com/api/v4/projects/3439658/merge_requests","repo_branches":"http://gitlab.com/api/v4/projects/3439658/repository/branches","labels":"http://gitlab.com/api/v4/projects/3439658/labels","events":"http://gitlab.com/api/v4/projects/3439658/events","members":"http://gitlab.com/api/v4/projects/3439658/members"},"archived":false,"visibility":"public","owner":{"id":1369631,"name":"GitMate","username":"gitmate-test-user","state":"active","avatar_url":"https://secure.gravatar.com/avatar/27e08ed25afa8578cb3a346964f0de32?s=80&d=identicon","web_url":"https://gitlab.com/gitmate-test-user"},"resolve_outdated_diff_discussions":null,"container_registry_enabled":true,"issues_enabled":true,"merge_requests_enabled":true,"wiki_enabled":true,"jobs_enabled":true,"snippets_enabled":true,"shared_runners_enabled":true,"lfs_enabled":true,"creator_id":1369631,"namespace":{"id":1652018,"name":"gitmate-test-user","path":"gitmate-test-user","kind":"user","full_path":"gitmate-test-user","parent_id":null},"import_status":"failed","import_error":"Mirror
        update for gitmate-test-user/test failed with the following message: The default
        branch (master) has diverged from its upstream counterpart and could not be
        updated automatically.","open_issues_count":14,"runners_token":"mJspL93WBs-yfGkkvpos","public_jobs":true,"ci_config_path":null,"shared_with_groups":[],"only_allow_merge_if_pipeline_succeeds":false,"request_access_enabled":false,"only_allow_merge_if_all_discussions_are_resolved":false,"printing_merge_request_link_enabled":true,"approvals_before_merge":0,"permissions":{"project_access":{"access_level":40,"notification_level":3},"group_access":null}}'}
    headers:
      Cache-Control: ['max-age=0, private, must-revalidate']
      Content-Length: ['2300']
      Content-Type: [application/json]
      Date: ['Tue, 19 Dec 2017 11:48:24 GMT']
      Etag: [W/"c468c7abd5b5b223694d74c70a65dc8f"]
      RateLimit-Limit: ['600']
      RateLimit-Observed: ['4']
      RateLimit-Remaining: ['596']
      RateLimit-Reset: ['1513684164']
      RateLimit-ResetTime: ['Wed, 19 Dec 2017 11:49:24 GMT']
      Server: [nginx]
      Strict-Transport-Security: [max-age=31536000]
      Vary: [Origin]
      X-Content-Type-Options: [nosniff]
      X-Frame-Options: [SAMEORIGIN]
      X-Request-Id: [5ae5d92d-1a5f-4444-aad6-f6d5d4a03cc7]
      X-Runtime: ['0.191858']
    status: {code: 200, message: OK}
- request:
    body: null
    headers:
      Accept: ['*/*']
      Accept-Encoding: ['gzip, deflate']
      Connection: [keep-alive]
      User-Agent: [IGitt]
    method: GET
    uri: https://gitlab.com/api/v4/projects/3439658?per_page=100
  response:
    body: {string: '{"id":3439658,"description":"","name":"test","name_with_namespace":"GitMate
        / test","path":"test","path_with_namespace":"gitmate-test-user/test","created_at":"2017-06-05T04:56:19.418Z","default_branch":"master","tag_list":[],"ssh_url_to_repo":"git@gitlab.com:gitmate-test-user/test.git","http_url_to_repo":"https://gitlab.com/gitmate-test-user/test.git","web_url":"https://gitlab.com/gitmate-test-user/test","avatar_url":null,"star_count":0,"forks_count":2,"last_activity_at":"2017-12-10T21:58:08.858Z","_links":{"self":"http://gitlab.com/api/v4/projects/3439658","issues":"http://gitlab.com/api/v4/projects/3439658/issues","merge_requests":"http://gitlab.com/api/v4/projects/3439658/merge_requests","repo_branches":"http://gitlab.com/api/v4/projects/3439658/repository/branches","labels":"http://gitlab.com/api/v4/projects/3439658/labels","events":"http://gitlab.com/api/v4/projects/3439658/events","members":"http://gitlab.com/api/v4/projects/3439658/members"},"archived":false,"visibility":"public","owner":{"id":1369631,"name":"GitMate","username":"gitmate-test-user","state":"active","avatar_url":"https://secure.gravatar.com/avatar/27e08ed25afa8578cb3a346964f0de32?s=80&d=identicon","web_url":"https://gitlab.com/gitmate-test-user"},"resolve_outdated_diff_discussions":null,"container_registry_enabled":true,"issues_enabled":true,"merge_requests_enabled":true,"wiki_enabled":true,"jobs_enabled":true,"snippets_enabled":true,"shared_runners_enabled":true,"lfs_enabled":true,"creator_id":1369631,"namespace":{"id":1652018,"name":"gitmate-test-user","path":"gitmate-test-user","kind":"user","full_path":"gitmate-test-user","parent_id":null},"import_status":"failed","import_error":"Mirror
        update for gitmate-test-user/test failed with the following message: The default
        branch (master) has diverged from its upstream counterpart and could not be
        updated automatically.","open_issues_count":14,"runners_token":"mJspL93WBs-yfGkkvpos","public_jobs":true,"ci_config_path":null,"shared_with_groups":[],"only_allow_merge_if_pipeline_succeeds":false,"request_access_enabled":false,"only_allow_merge_if_all_discussions_are_resolved":false,"printing_merge_request_link_enabled":true,"approvals_before_merge":0,"permissions":{"project_access":{"access_level":40,"notification_level":3},"group_access":null}}'}
    headers:
      Cache-Control: ['max-age=0, private, must-revalidate']
      Content-Length: ['2300']
      Content-Type: [application/json]
      Date: ['Tue, 19 Dec 2017 11:48:36 GMT']
      Etag: [W/"c468c7abd5b5b223694d74c70a65dc8f"]
      RateLimit-Limit: ['600']
      RateLimit-Observed: ['4']
      RateLimit-Remaining: ['596']
      RateLimit-Reset: ['1513684176']
      RateLimit-ResetTime: ['Wed, 19 Dec 2017 11:49:36 GMT']
      Server: [nginx]
      Strict-Transport-Security: [max-age=31536000]
      Vary: [Origin]
      X-Content-Type-Options: [nosniff]
      X-Frame-Options: [SAMEORIGIN]
      X-Request-Id: [8ec7b0c6-1896-4bc4-abc9-6bba269fd141]
      X-Runtime: ['0.186657']
    status: {code: 200, message: OK}
- request:
    body: null
    headers:
      Accept: ['*/*']
      Accept-Encoding: ['gzip, deflate']
      Connection: [keep-alive]
      User-Agent: [IGitt]
    method: GET
    uri: https://gitlab.com/api/v4/projects/gitmate-test-user%2Ftest/merge_requests/25?per_page=100
  response:
    body: {string: '{"id":4445169,"iid":25,"project_id":3439658,"title":"Create a.txt","description":"Awesome
        commit message\n\nFix #21, Fixes #22 and Closes gitmate-test-user/test#23.\nThis
        commit is also related to #31 and fixes #26, #27\nand https://gitlab.com/gitmate-test-user/test/issues/30.","state":"opened","created_at":"2017-07-28T20:00:27.022Z","updated_at":"2017-08-14T22:07:19.034Z","target_branch":"master","source_branch":"test-issue-pr-relate","upvotes":0,"downvotes":0,"author":{"id":889700,"name":"Naveen
        Kumar Sangi","username":"nkprince007","state":"active","avatar_url":"https://secure.gravatar.com/avatar/2ed27920a4ec4445d0e390a30df7145d?s=80&d=identicon","web_url":"https://gitlab.com/nkprince007"},"assignee":null,"source_project_id":3439658,"target_project_id":3439658,"labels":[],"work_in_progress":false,"milestone":null,"merge_when_pipeline_succeeds":false,"merge_status":"can_be_merged","sha":"9ba5b704f5866e468ec2e639fa893ae4c129f2ad","merge_commit_sha":null,"user_notes_count":0,"approvals_before_merge":null,"discussion_locked":null,"should_remove_source_branch":null,"force_remove_source_branch":false,"squash":false,"web_url":"https://gitlab.com/gitmate-test-user/test/merge_requests/25","time_stats":{"time_estimate":0,"total_time_spent":0,"human_time_estimate":null,"human_total_time_spent":null},"subscribed":false,"changes_count":"1"}'}
    headers:
      Cache-Control: ['max-age=0, private, must-revalidate']
      Content-Length: ['1352']
      Content-Type: [application/json]
      Date: ['Tue, 19 Dec 2017 11:48:45 GMT']
      Etag: [W/"3b9c96908a10ddb894c9c2526e6cfe9e"]
      RateLimit-Limit: ['600']
      RateLimit-Observed: ['5']
      RateLimit-Remaining: ['595']
      RateLimit-Reset: ['1513684185']
      RateLimit-ResetTime: ['Wed, 19 Dec 2017 11:49:45 GMT']
      Server: [nginx]
      Strict-Transport-Security: [max-age=31536000]
      Vary: [Origin]
      X-Content-Type-Options: [nosniff]
      X-Frame-Options: [SAMEORIGIN]
      X-Request-Id: [ee603e4c-1350-40a4-91d6-24854ce750d7]
      X-Runtime: ['0.290509']
    status: {code: 200, message: OK}
- request:
    body: null
    headers:
      Accept: ['*/*']
      Accept-Encoding: ['gzip, deflate']
      Connection: [keep-alive]
      User-Agent: [IGitt]
    method: GET
    uri: https://gitlab.com/api/v4/projects/gitmate-test-user%2Ftest?per_page=100
  response:
    body: {string: '{"id":3439658,"description":"","default_branch":"master","tag_list":[],"ssh_url_to_repo":"git@gitlab.com:gitmate-test-user/test.git","http_url_to_repo":"https://gitlab.com/gitmate-test-user/test.git","web_url":"https://gitlab.com/gitmate-test-user/test","name":"test","name_with_namespace":"GitMate
        / test","path":"test","path_with_namespace":"gitmate-test-user/test","avatar_url":null,"star_count":0,"forks_count":2,"created_at":"2017-06-05T04:56:19.418Z","last_activity_at":"2017-12-10T21:58:08.858Z","_links":{"self":"http://gitlab.com/api/v4/projects/3439658","issues":"http://gitlab.com/api/v4/projects/3439658/issues","merge_requests":"http://gitlab.com/api/v4/projects/3439658/merge_requests","repo_branches":"http://gitlab.com/api/v4/projects/3439658/repository/branches","labels":"http://gitlab.com/api/v4/projects/3439658/labels","events":"http://gitlab.com/api/v4/projects/3439658/events","members":"http://gitlab.com/api/v4/projects/3439658/members"},"archived":false,"visibility":"public","owner":{"id":1369631,"name":"GitMate","username":"gitmate-test-user","state":"active","avatar_url":"https://secure.gravatar.com/avatar/27e08ed25afa8578cb3a346964f0de32?s=80&d=identicon","web_url":"https://gitlab.com/gitmate-test-user"},"resolve_outdated_diff_discussions":null,"container_registry_enabled":true,"issues_enabled":true,"merge_requests_enabled":true,"wiki_enabled":true,"jobs_enabled":true,"snippets_enabled":true,"shared_runners_enabled":true,"lfs_enabled":true,"creator_id":1369631,"namespace":{"id":1652018,"name":"gitmate-test-user","path":"gitmate-test-user","kind":"user","full_path":"gitmate-test-user","parent_id":null,"plan":"early_adopter"},"import_status":"failed","import_error":"Mirror
        update for gitmate-test-user/test failed with the following message: The default
        branch (master) has diverged from its upstream counterpart and could not be
        updated automatically.","open_issues_count":14,"runners_token":"mJspL93WBs-yfGkkvpos","public_jobs":true,"ci_config_path":null,"shared_with_groups":[],"only_allow_merge_if_pipeline_succeeds":false,"request_access_enabled":false,"only_allow_merge_if_all_discussions_are_resolved":false,"printing_merge_request_link_enabled":true,"approvals_before_merge":0,"permissions":{"project_access":{"access_level":40,"notification_level":3},"group_access":null}}'}
    headers:
      Cache-Control: ['max-age=0, private, must-revalidate']
      Content-Length: ['2323']
      Content-Type: [application/json]
      Date: ['Tue, 19 Dec 2017 12:47:49 GMT']
      Etag: [W/"7f4eb007ed26a39210de14001e1bdaca"]
      RateLimit-Limit: ['600']
      RateLimit-Observed: ['1']
      RateLimit-Remaining: ['599']
      RateLimit-Reset: ['1513687729']
      RateLimit-ResetTime: ['Wed, 19 Dec 2017 12:48:49 GMT']
      Server: [nginx]
      Strict-Transport-Security: [max-age=31536000]
      Vary: [Origin]
      X-Content-Type-Options: [nosniff]
      X-Frame-Options: [SAMEORIGIN]
      X-Request-Id: [4123fde6-61de-4381-a220-a3e9a30b2a7c]
      X-Runtime: ['0.189442']
    status: {code: 200, message: OK}
- request:
    body: null
    headers:
      Accept: ['*/*']
      Accept-Encoding: ['gzip, deflate']
      Connection: [keep-alive]
      User-Agent: [IGitt]
    method: GET
    uri: https://gitlab.com/api/v4/projects/3439658?per_page=100
  response:
    body: {string: '{"id":3439658,"description":"","default_branch":"master","tag_list":[],"ssh_url_to_repo":"git@gitlab.com:gitmate-test-user/test.git","http_url_to_repo":"https://gitlab.com/gitmate-test-user/test.git","web_url":"https://gitlab.com/gitmate-test-user/test","name":"test","name_with_namespace":"GitMate
        / test","path":"test","path_with_namespace":"gitmate-test-user/test","avatar_url":null,"star_count":0,"forks_count":2,"created_at":"2017-06-05T04:56:19.418Z","last_activity_at":"2017-12-10T21:58:08.858Z","_links":{"self":"http://gitlab.com/api/v4/projects/3439658","issues":"http://gitlab.com/api/v4/projects/3439658/issues","merge_requests":"http://gitlab.com/api/v4/projects/3439658/merge_requests","repo_branches":"http://gitlab.com/api/v4/projects/3439658/repository/branches","labels":"http://gitlab.com/api/v4/projects/3439658/labels","events":"http://gitlab.com/api/v4/projects/3439658/events","members":"http://gitlab.com/api/v4/projects/3439658/members"},"archived":false,"visibility":"public","owner":{"id":1369631,"name":"GitMate","username":"gitmate-test-user","state":"active","avatar_url":"https://secure.gravatar.com/avatar/27e08ed25afa8578cb3a346964f0de32?s=80&d=identicon","web_url":"https://gitlab.com/gitmate-test-user"},"resolve_outdated_diff_discussions":null,"container_registry_enabled":true,"issues_enabled":true,"merge_requests_enabled":true,"wiki_enabled":true,"jobs_enabled":true,"snippets_enabled":true,"shared_runners_enabled":true,"lfs_enabled":true,"creator_id":1369631,"namespace":{"id":1652018,"name":"gitmate-test-user","path":"gitmate-test-user","kind":"user","full_path":"gitmate-test-user","parent_id":null,"plan":"early_adopter"},"import_status":"failed","import_error":"Mirror
        update for gitmate-test-user/test failed with the following message: The default
        branch (master) has diverged from its upstream counterpart and could not be
        updated automatically.","open_issues_count":14,"runners_token":"mJspL93WBs-yfGkkvpos","public_jobs":true,"ci_config_path":null,"shared_with_groups":[],"only_allow_merge_if_pipeline_succeeds":false,"request_access_enabled":false,"only_allow_merge_if_all_discussions_are_resolved":false,"printing_merge_request_link_enabled":true,"approvals_before_merge":0,"permissions":{"project_access":{"access_level":40,"notification_level":3},"group_access":null}}'}
    headers:
      Cache-Control: ['max-age=0, private, must-revalidate']
      Content-Length: ['2323']
      Content-Type: [application/json]
      Date: ['Tue, 19 Dec 2017 12:47:52 GMT']
      Etag: [W/"7f4eb007ed26a39210de14001e1bdaca"]
      RateLimit-Limit: ['600']
      RateLimit-Observed: ['2']
      RateLimit-Remaining: ['598']
      RateLimit-Reset: ['1513687732']
      RateLimit-ResetTime: ['Wed, 19 Dec 2017 12:48:52 GMT']
      Server: [nginx]
      Strict-Transport-Security: [max-age=31536000]
      Vary: [Origin]
      X-Content-Type-Options: [nosniff]
      X-Frame-Options: [SAMEORIGIN]
      X-Request-Id: [e18abe22-b08c-402f-8f33-39a22f55e247]
      X-Runtime: ['0.231706']
    status: {code: 200, message: OK}
- request:
    body: null
    headers:
      Accept: ['*/*']
      Accept-Encoding: ['gzip, deflate']
      Connection: [keep-alive]
      User-Agent: [IGitt]
    method: GET
    uri: https://gitlab.com/api/v4/projects/gitmate-test-user%2Ftest/merge_requests/25?per_page=100
  response:
    body: {string: '{"id":4445169,"iid":25,"project_id":3439658,"title":"Create a.txt","description":"Awesome
        commit message\n\nFix #21, Fixes #22 and Closes gitmate-test-user/test#23.\nThis
        commit is also related to #31 and fixes #26, #27\nand https://gitlab.com/gitmate-test-user/test/issues/30.","state":"opened","created_at":"2017-07-28T20:00:27.022Z","updated_at":"2017-08-14T22:07:19.034Z","target_branch":"master","source_branch":"test-issue-pr-relate","upvotes":0,"downvotes":0,"author":{"id":889700,"name":"Naveen
        Kumar Sangi","username":"nkprince007","state":"active","avatar_url":"https://secure.gravatar.com/avatar/2ed27920a4ec4445d0e390a30df7145d?s=80&d=identicon","web_url":"https://gitlab.com/nkprince007"},"assignee":null,"source_project_id":3439658,"target_project_id":3439658,"labels":[],"work_in_progress":false,"milestone":null,"merge_when_pipeline_succeeds":false,"merge_status":"can_be_merged","sha":"9ba5b704f5866e468ec2e639fa893ae4c129f2ad","merge_commit_sha":null,"user_notes_count":0,"approvals_before_merge":null,"discussion_locked":null,"should_remove_source_branch":null,"force_remove_source_branch":false,"squash":false,"web_url":"https://gitlab.com/gitmate-test-user/test/merge_requests/25","time_stats":{"time_estimate":0,"total_time_spent":0,"human_time_estimate":null,"human_total_time_spent":null},"subscribed":false,"changes_count":"1"}'}
    headers:
      Cache-Control: ['max-age=0, private, must-revalidate']
      Content-Length: ['1352']
      Content-Type: [application/json]
      Date: ['Tue, 19 Dec 2017 12:47:55 GMT']
      Etag: [W/"3b9c96908a10ddb894c9c2526e6cfe9e"]
      RateLimit-Limit: ['600']
      RateLimit-Observed: ['3']
      RateLimit-Remaining: ['597']
      RateLimit-Reset: ['1513687735']
      RateLimit-ResetTime: ['Wed, 19 Dec 2017 12:48:55 GMT']
      Server: [nginx]
      Strict-Transport-Security: [max-age=31536000]
      Vary: [Origin]
      X-Content-Type-Options: [nosniff]
      X-Frame-Options: [SAMEORIGIN]
      X-Request-Id: [453a9671-1d20-47ff-94ea-b90a35419e97]
      X-Runtime: ['0.236041']
    status: {code: 200, message: OK}
- request:
    body: null
    headers:
      Accept: ['*/*']
      Accept-Encoding: ['gzip, deflate']
      Connection: [keep-alive]
      User-Agent: [IGitt]
    method: GET
    uri: https://gitlab.com/api/v4/projects/gitmate-test-user%2Ftest?per_page=100
  response:
    body: {string: "{\"id\":3439658,\"description\":\"\",\"name\":\"test\",\"name_with_namespace\":\"GitMate
        / test\",\"path\":\"test\",\"path_with_namespace\":\"gitmate-test-user/test\",\"created_at\":\"2017-06-05T04:56:19.418Z\",\"default_branch\":\"master\",\"tag_list\":[],\"ssh_url_to_repo\":\"git@gitlab.com:gitmate-test-user/test.git\",\"http_url_to_repo\":\"https://gitlab.com/gitmate-test-user/test.git\",\"web_url\":\"https://gitlab.com/gitmate-test-user/test\",\"avatar_url\":\"https://assets.gitlab-static.net/uploads/-/system/project/avatar/3439658/gitmate-labs.png\",\"star_count\":0,\"forks_count\":3,\"last_activity_at\":\"2018-01-12T17:42:53.571Z\",\"_links\":{\"self\":\"http://gitlab.com/api/v4/projects/3439658\",\"issues\":\"http://gitlab.com/api/v4/projects/3439658/issues\",\"merge_requests\":\"http://gitlab.com/api/v4/projects/3439658/merge_requests\",\"repo_branches\":\"http://gitlab.com/api/v4/projects/3439658/repository/branches\",\"labels\":\"http://gitlab.com/api/v4/projects/3439658/labels\",\"events\":\"http://gitlab.com/api/v4/projects/3439658/events\",\"members\":\"http://gitlab.com/api/v4/projects/3439658/members\"},\"archived\":false,\"visibility\":\"public\",\"owner\":{\"id\":1369631,\"name\":\"GitMate
        Labs \U0001F47D\",\"username\":\"gitmate-test-user\",\"state\":\"active\",\"avatar_url\":\"https://assets.gitlab-static.net/uploads/-/system/user/avatar/1369631/avatar.png\",\"web_url\":\"https://gitlab.com/gitmate-test-user\"},\"resolve_outdated_diff_discussions\":null,\"container_registry_enabled\":true,\"issues_enabled\":true,\"merge_requests_enabled\":true,\"wiki_enabled\":true,\"jobs_enabled\":true,\"snippets_enabled\":true,\"shared_runners_enabled\":true,\"lfs_enabled\":true,\"creator_id\":1369631,\"namespace\":{\"id\":1652018,\"name\":\"gitmate-test-user\",\"path\":\"gitmate-test-user\",\"kind\":\"user\",\"full_path\":\"gitmate-test-user\",\"parent_id\":null},\"import_status\":\"failed\",\"import_error\":\"Mirror
        update for gitmate-test-user/test failed with the following message: The default
        branch (master) has diverged from its upstream counterpart and could not be
        updated automatically.\",\"open_issues_count\":14,\"runners_token\":\"mJspL93WBs-yfGkkvpos\",\"public_jobs\":true,\"ci_config_path\":null,\"shared_with_groups\":[],\"only_allow_merge_if_pipeline_succeeds\":false,\"request_access_enabled\":false,\"only_allow_merge_if_all_discussions_are_resolved\":false,\"printing_merge_request_link_enabled\":true,\"approvals_before_merge\":0,\"permissions\":{\"project_access\":{\"access_level\":40,\"notification_level\":3},\"group_access\":null}}"}
    headers:
      Cache-Control: ['max-age=0, private, must-revalidate']
      Content-Length: ['2393']
      Content-Type: [application/json]
      Date: ['Thu, 15 Feb 2018 13:49:30 GMT']
      Etag: [W/"769b575abd50748dde1ef681979764cd"]
      RateLimit-Limit: ['600']
      RateLimit-Observed: ['1']
      RateLimit-Remaining: ['599']
      RateLimit-Reset: ['1518702630']
      RateLimit-ResetTime: ['Fri, 15 Feb 2018 13:50:30 GMT']
      Server: [nginx]
      Strict-Transport-Security: [max-age=31536000]
      Vary: [Origin]
      X-Content-Type-Options: [nosniff]
      X-Frame-Options: [SAMEORIGIN]
      X-Request-Id: [b5b42214-cdbd-4f7a-b8c8-e4193382fe68]
      X-Runtime: ['0.251440']
    status: {code: 200, message: OK}
version: 1
